// Jest Snapshot v1, https://goo.gl/fbAQLP

exports[`getWeather 1`] = `[Function]`;
